--***************************************************************************
--*                                                                         *
--*                         Copyright (C) 1987-1995                         *
--*                              by OrCAD, INC.                             *
--*                                                                         *
--*                           All rights reserved.                          *
--*                                                                         *
--***************************************************************************
   
-- Purpose:	  OrCAD VHDL Model Index
-- Version:       v6.0
-- File:	  ALS.LST
-- Resource:	  National Semiconductor, ALS/AS Logic Databook, 1987
-- Key:		  ":part_value   capture_olb  pin_count"

:74ALS00                        TTL     14
:74ALS01                        TTL     14
:74ALS02                        TTL     14
:74ALS03                        TTL     14
:74ALS04                        TTL     14
:74ALS05                        TTL     14
:74ALS08                        TTL     14
:74ALS09                        TTL     14
:74ALS10                        TTL     14
:74ALS10A          TTL  14
:74ALS11                        TTL     14
:74ALS11A          TTL  14
:74ALS12                        TTL     14
:74ALS12A          TTL  14
:74ALS15                        TTL     14
:74ALS15A          TTL  14
:74ALS20                        TTL     14
:74ALS20A          TTL  14
:74ALS21                        TTL     14
:74ALS21A          TTL  14
:74ALS22                        TTL     14
:74ALS22B          TTL  14
:74ALS27                        TTL     14
:74ALS28                        TTL     14
:74ALS28A          TTL  14
:74ALS30                        TTL     14
:74ALS30A          TTL  14
:74ALS32                        TTL     14
:74ALS33                        TTL     14
:74ALS33A          TTL  14
:74ALS34   TTL  14
:74ALS35   TTL  14
:74ALS35A          TTL  14
:74ALS37                        TTL     14
:74ALS37A          TTL  14
:74ALS38                        TTL     14
:74ALS38A          TTL  14
:74ALS40                        TTL     14
:74ALS40A          TTL  14
:74ALS74                        TTL     14
:74ALS74A          TTL  14
:74ALS86                        TTL     14
:74ALS109               TTL     16
:74ALS109A         TTL  16
:74ALS112               TTL     16
:74ALS112A         TTL  16
:74ALS113               TTL     14
:74ALS113A         TTL  14
:74ALS114               TTL     14
:74ALS114A         TTL  14
:74ALS131   TTL  16
:74ALS133               TTL     16
:74ALS136               TTL     14
:74ALS137   TTL  16
:74ALS138                       TTL     16
:74ALS139                       TTL     16
:74ALS151                       TTL     16
:74ALS153   TTL  16
:74ALS156   TTL  16
:74ALS157                       TTL     16
:74ALS158                       TTL     16
:74ALS160  TTL  16
:74ALS160B         TTL  16
:74ALS161  TTL  16
:74ALS161B         TTL  16
:74ALS162  TTL  16
:74ALS162B         TTL  16
:74ALS163  TTL  16
:74ALS163B         TTL  16
:74ALS168   TTL  16
:74ALS168B         TTL  16
:74ALS169  TTL  16
:74ALS169B         TTL  16
:74ALS174               TTL     16
:74ALS175               TTL     16
:74ALS190   TTL  16
:74ALS191   TTL  16
:74ALS192   TTL  16
:74ALS193   TTL  16
:74ALS240                       TTL     20
:74ALS240A         TTL  20
:74ALS241                       TTL     20
:74ALS241A         TTL  20
:74ALS242                       TTL     14
:74ALS242B         TTL  14
:74ALS243                       TTL     14
:74ALS243A         TTL  14
:74ALS244                       TTL     20
:74ALS244A         TTL  20
:74ALS245                       TTL             20
:74ALS245A         TTL  20
:74ALS251                       TTL     16
:74ALS253                       TTL     16
:74ALS257                       TTL     16
:74ALS258                       TTL     16
:74ALS259   TTL  16
:74ALS273               TTL     20
:74ALS280  TTL  14
:74ALS299 TTL 20
:74ALS323 TTL 20
:74ALS352   TTL  16
:74ALS353   TTL  16
:74ALS373   TTL  20
:74ALS374                       TTL     20
:74ALS465                       TTL     20
:74ALS465A         TTL  20
:74ALS466                       TTL     20
:74ALS466A         TTL  20
:74ALS467                       TTL     20
:74ALS467A         TTL  20
:74ALS468                       TTL     20
:74ALS468A         TTL  20
:74ALS518                       TTL     20
:74ALS519                       TTL     20
:74ALS520                       TTL     20
:74ALS521                       TTL     20
:74ALS522                       TTL     20
:74ALS533   TTL  20
:74ALS534                       TTL     20
:74ALS540   TTL  20
:74ALS541   TTL  20
:74ALS560   TTL  20
:74ALS560A         TTL  20
:74ALS561   TTL  20
:74ALS561A   TTL  20
:74ALS563         TTL  20
:74ALS563A         TTL  20
:74ALS564                       TTL     20
:74ALS564A         TTL  20
:74ALS568   TTL  20
:74ALS568A         TTL  20
:74ALS569   TTL  20
:74ALS569A         TTL  20
:74ALS569         TTL  20
:74ALS569A         TTL  20
:74ALS574                       TTL     20
:74ALS574A         TTL  20
:74ALS575                       TTL     24
:74ALS575A         TTL  24
:74ALS576                       TTL     20
:74ALS576A         TTL  20
:74ALS577                       TTL     24
:74ALS577A         TTL  24
:74ALS580   TTL  20
:74ALS580A         TTL  20
:74ALS620                       TTL     20
:74ALS620A         TTL  20
:74ALS621                       TTL     20
:74ALS621A         TTL  20
:74ALS622                       TTL     20
:74ALS622A         TTL  20
:74ALS623                       TTL     20
:74ALS623A         TTL  20
:74ALS638                       TTL     20
:74ALS638A         TTL  20
:74ALS639                       TTL     20
:74ALS639A         TTL  20
:74ALS640                       TTL     20
:74ALS640A         TTL  20
:74ALS641                       TTL     20
:74ALS641A         TTL  20
:74ALS642                       TTL     20
:74ALS642A         TTL  20
:74ALS643                       TTL     20
:74ALS643A         TTL  20
:74ALS644                       TTL     20
:74ALS644A         TTL  20
:74ALS645                       TTL     20
:74ALS645A         TTL  20
:74ALS646   TTL  24
:74ALS647   TTL  24
:74ALS648   TTL  24
:74ALS649   TTL  24
:74ALS651   TTL  24
:74ALS652   TTL  24
:74ALS653   TTL  24
:74ALS654   TTL  24
:74ALS677   TTL  24
:74ALS677A         TTL  24
:74ALS678   TTL  24
:74ALS679   TTL  20
:74ALS680   TTL  20
:74ALS688                       TTL     20
:74ALS689                       TTL     20
:74ALS746   TTL  20
:74ALS747   TTL  20
:74ALS756                       TTL     20
:74ALS758   TTL  14
:74ALS763                       TTL     20
:74ALS804                       TTL     20
:74ALS804A         TTL  20
:74ALS804B         TTL  20
:74ALS805A         TTL  20
:74ALS805                       TTL     20
:74ALS805A         TTL  20
:74ALS808                       TTL     20
:74ALS808A         TTL  20
:74ALS810                       TTL     14
:74ALS811                       TTL     14
:74ALS832                       TTL     20
:74ALS832A         TTL  20
:74ALS841   TTL  24
:74ALS842   TTL  24
:74ALS843   TTL  24
:74ALS844   TTL  24
:74ALS845   TTL  24
:74ALS846   TTL  24
:74ALS857   TTL  24
:74ALS873          TTL  24
:74ALS873B         TTL  24
:74ALS874                       TTL     24
:74ALS874B         TTL  24
:74ALS876         TTL   24
:74ALS876A         TTL  24
:74ALS876B         TTL  24
:74ALS878                       TTL     24
:74ALS878A         TTL  24
:74ALS879                       TTL     24
:74ALS879A         TTL  24
:74ALS880         TTL  24
:74ALS880A         TTL  24
:74ALS990   TTL 20
:74ALS991   TTL  20
:74ALS992   TTL  24
:74ALS993   TTL  24
:74ALS994   TTL 24
:74ALS995   TTL 24
:74ALS1000                      TTL     14
:74ALS1000A     TTL  14
:74ALS1002                      TTL     14
:74ALS1002A     TTL  14
:74ALS1003                      TTL     14
:74ALS1003A     TTL  14
:74ALS1004                      TTL     14
:74ALS1004A      TTL  14
:74ALS1005                      TTL     14
:74ALS1008                      TTL     14
:74ALS1008A      TTL  14
:74ALS1010                      TTL     14
:74ALS1010A       TTL  14
:74ALS1011                      TTL     14
:74ALS1011A       TTL  14
:74ALS1020                      TTL     14
:74ALS1020A       TTL  14
:74ALS1032                      TTL     14
:74ALS1032A       TTL  14
:74ALS1034                      TTL     14
:74ALS1035                      TTL     14
:74ALS1240                      TTL     20
:74ALS1241                      TTL     20
:74ALS1242                      TTL     14
:74ALS1243                      TTL     14
:74ALS1244                      TTL     20
:74ALS1244A        TTL  20
:74ALS1245                      TTL     20
:74ALS1245A        TTL  20
:74ALS1638                      TTL     20
:74ALS1639                      TTL     20
:74ALS1640                      TTL     20
:74ALS1640A        TTL  20
:74ALS1641                      TTL     20
:74ALS1642                      TTL     20
:74ALS1643                      TTL     20
:74ALS1644                      TTL     20
:74ALS1645                      TTL     20
:74ALS1645A        TTL  20
:74ALS1804   TTL  20
:74ALS1804A        TTL  20
:74ALS1805   TTL  20
:74ALS1805A        TTL  20
:74ALS1808   TTL 20
:74ALS1808A        TTL  20
:74ALS1832   TTL  20
:74ALS1832A        TTL  20
:74ALS2240   TTL  20
:74ALS2242   TTL  14
:74ALS2540   TTL  20
:74ALS2541   TTL  20
:74ALS8003                      TTL     8
:74ALS29809   TTL1  24
:74ALS29827   TTL  24
:74ALS29828   TTL  24
:74ALS29861   TTL  24
:74ALS29862   TTL  24
:74ALS29863   TTL  24
:74ALS29864   TTL  24

<eof>
